#-----------------------------------------------------------
# Vivado v2025.2 (64-bit)
# SW Build 6299465 on Fri Nov 14 19:35:11 GMT 2025
# IP Build 6300035 on Fri Nov 14 10:48:45 MST 2025
# SharedData Build 6298862 on Thu Nov 13 04:50:51 MST 2025
# Start of session at: Tue Nov 25 20:28:37 2025
# Process ID         : 25348
# Current directory  : C:/Users/esaik/aes/aes.runs/aes_AES_En_De_0_0_synth_1
# Command line       : vivado.exe -log aes_AES_En_De_0_0.vds -product Vivado -mode batch -messageDb vivado.pb -notrace -source aes_AES_En_De_0_0.tcl
# Log file           : C:/Users/esaik/aes/aes.runs/aes_AES_En_De_0_0_synth_1/aes_AES_En_De_0_0.vds
# Journal file       : C:/Users/esaik/aes/aes.runs/aes_AES_En_De_0_0_synth_1\vivado.jou
# Running On         : SaiReddy
# Platform           : Windows Server 2016 or Windows 10
# Operating System   : 26200
# Processor Detail   : 11th Gen Intel(R) Core(TM) i7-1185G7 @ 3.00GHz
# CPU Frequency      : 1805 MHz
# CPU Physical cores : 4
# CPU Logical cores  : 8
# Host memory        : 34073 MB
# Swap memory        : 5368 MB
# Total Virtual      : 39441 MB
# Available Virtual  : 24555 MB
#-----------------------------------------------------------
source aes_AES_En_De_0_0.tcl -notrace
