
*** Running vivado
    with args -log aes_wrapper.vds -m64 -product Vivado -mode batch -messageDb vivado.pb -notrace -source aes_wrapper.tcl



****** Vivado v2025.2 (64-bit)
  **** SW Build 6299465 on Fri Nov 14 19:35:11 GMT 2025
  **** IP Build 6300035 on Fri Nov 14 10:48:45 MST 2025
  **** SharedData Build 6298862 on Thu Nov 13 04:50:51 MST 2025
  **** Start of session at: Tue Nov 25 20:39:21 2025
    ** Copyright 1986-2022 Xilinx, Inc. All Rights Reserved.
    ** Copyright 2022-2025 Advanced Micro Devices, Inc. All Rights Reserved.

source aes_wrapper.tcl -notrace
create_project: Time (s): cpu = 00:00:18 ; elapsed = 00:00:11 . Memory (MB): peak = 526.844 ; gain = 219.211
INFO: [IP_Flow 19-234] Refreshing IP repositories
INFO: [IP_Flow 19-1700] Loaded user IP repository 'c:/Users/esaik/OneDrive/Documents/PYNQ/hls_component'.
INFO: [IP_Flow 19-2313] Loaded Vivado IP repository 'C:/AMDDesignTools/2025.2/Vivado/data/ip'.
add_files: Time (s): cpu = 00:00:05 ; elapsed = 00:00:06 . Memory (MB): peak = 549.316 ; gain = 17.504
Command: synth_design -top aes_wrapper -part xc7z020clg400-1
Starting synth_design
Attempting to get a license for feature 'Synthesis' and/or device 'xc7z020'
INFO: [Common 17-349] Got license for feature 'Synthesis' and/or device 'xc7z020'
INFO: [Device 21-403] Loading part xc7z020clg400-1
INFO: [Synth 8-7079] Multithreading enabled for synth_design using a maximum of 2 processes.
INFO: [Synth 8-7078] Launching helper process for spawning children vivado processes
INFO: [Synth 8-7075] Helper process launched with PID 14532
---------------------------------------------------------------------------------
Starting RTL Elaboration : Time (s): cpu = 00:00:09 ; elapsed = 00:00:09 . Memory (MB): peak = 1345.699 ; gain = 540.543
---------------------------------------------------------------------------------
INFO: [Synth 8-6157] synthesizing module 'aes_wrapper' [c:/Users/esaik/aes/aes.gen/sources_1/bd/aes/hdl/aes_wrapper.v:13]
INFO: [Synth 8-6157] synthesizing module 'aes' [c:/Users/esaik/aes/aes.gen/sources_1/bd/aes/synth/aes.v:13]
INFO: [Synth 8-6157] synthesizing module 'aes_AES_En_De_0_0' [C:/Users/esaik/aes/aes.runs/synth_1/.Xil/Vivado-5704-SaiReddy/realtime/aes_AES_En_De_0_0_stub.v:6]
INFO: [Synth 8-6155] done synthesizing module 'aes_AES_En_De_0_0' (0#1) [C:/Users/esaik/aes/aes.runs/synth_1/.Xil/Vivado-5704-SaiReddy/realtime/aes_AES_En_De_0_0_stub.v:6]
WARNING: [Synth 8-7071] port 'interrupt' of module 'aes_AES_En_De_0_0' is unconnected for instance 'AES_En_De_0' [c:/Users/esaik/aes/aes.gen/sources_1/bd/aes/synth/aes.v:226]
WARNING: [Synth 8-7071] port 'output_stream_TSTRB' of module 'aes_AES_En_De_0_0' is unconnected for instance 'AES_En_De_0' [c:/Users/esaik/aes/aes.gen/sources_1/bd/aes/synth/aes.v:226]
WARNING: [Synth 8-7023] instance 'AES_En_De_0' of module 'aes_AES_En_De_0_0' has 32 connections declared, but only 30 given [c:/Users/esaik/aes/aes.gen/sources_1/bd/aes/synth/aes.v:226]
INFO: [Synth 8-6157] synthesizing module 'aes_axi_dma_0_0' [C:/Users/esaik/aes/aes.runs/synth_1/.Xil/Vivado-5704-SaiReddy/realtime/aes_axi_dma_0_0_stub.v:6]
INFO: [Synth 8-6155] done synthesizing module 'aes_axi_dma_0_0' (0#1) [C:/Users/esaik/aes/aes.runs/synth_1/.Xil/Vivado-5704-SaiReddy/realtime/aes_axi_dma_0_0_stub.v:6]
WARNING: [Synth 8-7071] port 'mm2s_prmry_reset_out_n' of module 'aes_axi_dma_0_0' is unconnected for instance 'axi_dma_0' [c:/Users/esaik/aes/aes.gen/sources_1/bd/aes/synth/aes.v:257]
WARNING: [Synth 8-7071] port 's2mm_prmry_reset_out_n' of module 'aes_axi_dma_0_0' is unconnected for instance 'axi_dma_0' [c:/Users/esaik/aes/aes.gen/sources_1/bd/aes/synth/aes.v:257]
WARNING: [Synth 8-7071] port 'mm2s_introut' of module 'aes_axi_dma_0_0' is unconnected for instance 'axi_dma_0' [c:/Users/esaik/aes/aes.gen/sources_1/bd/aes/synth/aes.v:257]
WARNING: [Synth 8-7071] port 's2mm_introut' of module 'aes_axi_dma_0_0' is unconnected for instance 'axi_dma_0' [c:/Users/esaik/aes/aes.gen/sources_1/bd/aes/synth/aes.v:257]
WARNING: [Synth 8-7071] port 'axi_dma_tstvec' of module 'aes_axi_dma_0_0' is unconnected for instance 'axi_dma_0' [c:/Users/esaik/aes/aes.gen/sources_1/bd/aes/synth/aes.v:257]
WARNING: [Synth 8-7023] instance 'axi_dma_0' of module 'aes_axi_dma_0_0' has 64 connections declared, but only 59 given [c:/Users/esaik/aes/aes.gen/sources_1/bd/aes/synth/aes.v:257]
INFO: [Synth 8-6157] synthesizing module 'aes_axi_interconnect_0_0' [c:/Users/esaik/aes/aes.gen/sources_1/bd/aes/synth/aes.v:608]
INFO: [Synth 8-6157] synthesizing module 's00_couplers_imp_1CRHQWF' [c:/Users/esaik/aes/aes.gen/sources_1/bd/aes/synth/aes.v:908]
INFO: [Synth 8-6157] synthesizing module 'aes_axi_interconnect_0_imp_auto_ds_0' [C:/Users/esaik/aes/aes.runs/synth_1/.Xil/Vivado-5704-SaiReddy/realtime/aes_axi_interconnect_0_imp_auto_ds_0_stub.v:6]
INFO: [Synth 8-6155] done synthesizing module 'aes_axi_interconnect_0_imp_auto_ds_0' (0#1) [C:/Users/esaik/aes/aes.runs/synth_1/.Xil/Vivado-5704-SaiReddy/realtime/aes_axi_interconnect_0_imp_auto_ds_0_stub.v:6]
INFO: [Synth 8-6157] synthesizing module 'aes_axi_interconnect_0_imp_auto_pc_0' [C:/Users/esaik/aes/aes.runs/synth_1/.Xil/Vivado-5704-SaiReddy/realtime/aes_axi_interconnect_0_imp_auto_pc_0_stub.v:6]
INFO: [Synth 8-6155] done synthesizing module 'aes_axi_interconnect_0_imp_auto_pc_0' (0#1) [C:/Users/esaik/aes/aes.runs/synth_1/.Xil/Vivado-5704-SaiReddy/realtime/aes_axi_interconnect_0_imp_auto_pc_0_stub.v:6]
INFO: [Synth 8-6155] done synthesizing module 's00_couplers_imp_1CRHQWF' (0#1) [c:/Users/esaik/aes/aes.gen/sources_1/bd/aes/synth/aes.v:908]
INFO: [Synth 8-6155] done synthesizing module 'aes_axi_interconnect_0_0' (0#1) [c:/Users/esaik/aes/aes.gen/sources_1/bd/aes/synth/aes.v:608]
INFO: [Synth 8-6157] synthesizing module 'aes_axi_interconnect_1_0' [c:/Users/esaik/aes/aes.gen/sources_1/bd/aes/synth/aes.v:746]
INFO: [Synth 8-6157] synthesizing module 's00_couplers_imp_B4JP64' [c:/Users/esaik/aes/aes.gen/sources_1/bd/aes/synth/aes.v:1092]
INFO: [Synth 8-6157] synthesizing module 'aes_axi_interconnect_1_imp_auto_ds_0' [C:/Users/esaik/aes/aes.runs/synth_1/.Xil/Vivado-5704-SaiReddy/realtime/aes_axi_interconnect_1_imp_auto_ds_0_stub.v:6]
INFO: [Synth 8-6155] done synthesizing module 'aes_axi_interconnect_1_imp_auto_ds_0' (0#1) [C:/Users/esaik/aes/aes.runs/synth_1/.Xil/Vivado-5704-SaiReddy/realtime/aes_axi_interconnect_1_imp_auto_ds_0_stub.v:6]
INFO: [Synth 8-6157] synthesizing module 'aes_axi_interconnect_1_imp_auto_pc_0' [C:/Users/esaik/aes/aes.runs/synth_1/.Xil/Vivado-5704-SaiReddy/realtime/aes_axi_interconnect_1_imp_auto_pc_0_stub.v:6]
INFO: [Synth 8-6155] done synthesizing module 'aes_axi_interconnect_1_imp_auto_pc_0' (0#1) [C:/Users/esaik/aes/aes.runs/synth_1/.Xil/Vivado-5704-SaiReddy/realtime/aes_axi_interconnect_1_imp_auto_pc_0_stub.v:6]
INFO: [Synth 8-6155] done synthesizing module 's00_couplers_imp_B4JP64' (0#1) [c:/Users/esaik/aes/aes.gen/sources_1/bd/aes/synth/aes.v:1092]
INFO: [Synth 8-6155] done synthesizing module 'aes_axi_interconnect_1_0' (0#1) [c:/Users/esaik/aes/aes.gen/sources_1/bd/aes/synth/aes.v:746]
INFO: [Synth 8-6157] synthesizing module 'aes_axi_smc_0' [C:/Users/esaik/aes/aes.runs/synth_1/.Xil/Vivado-5704-SaiReddy/realtime/aes_axi_smc_0_stub.v:6]
INFO: [Synth 8-6155] done synthesizing module 'aes_axi_smc_0' (0#1) [C:/Users/esaik/aes/aes.runs/synth_1/.Xil/Vivado-5704-SaiReddy/realtime/aes_axi_smc_0_stub.v:6]
WARNING: [Synth 8-7071] port 'M00_AXI_awprot' of module 'aes_axi_smc_0' is unconnected for instance 'axi_smc' [c:/Users/esaik/aes/aes.gen/sources_1/bd/aes/synth/aes.v:393]
WARNING: [Synth 8-7071] port 'M00_AXI_arprot' of module 'aes_axi_smc_0' is unconnected for instance 'axi_smc' [c:/Users/esaik/aes/aes.gen/sources_1/bd/aes/synth/aes.v:393]
WARNING: [Synth 8-7071] port 'M01_AXI_awprot' of module 'aes_axi_smc_0' is unconnected for instance 'axi_smc' [c:/Users/esaik/aes/aes.gen/sources_1/bd/aes/synth/aes.v:393]
WARNING: [Synth 8-7071] port 'M01_AXI_wstrb' of module 'aes_axi_smc_0' is unconnected for instance 'axi_smc' [c:/Users/esaik/aes/aes.gen/sources_1/bd/aes/synth/aes.v:393]
WARNING: [Synth 8-7071] port 'M01_AXI_arprot' of module 'aes_axi_smc_0' is unconnected for instance 'axi_smc' [c:/Users/esaik/aes/aes.gen/sources_1/bd/aes/synth/aes.v:393]
WARNING: [Synth 8-7023] instance 'axi_smc' of module 'aes_axi_smc_0' has 78 connections declared, but only 73 given [c:/Users/esaik/aes/aes.gen/sources_1/bd/aes/synth/aes.v:393]
INFO: [Synth 8-6157] synthesizing module 'aes_processing_system7_0_0' [C:/Users/esaik/aes/aes.runs/synth_1/.Xil/Vivado-5704-SaiReddy/realtime/aes_processing_system7_0_0_stub.v:6]
INFO: [Synth 8-6155] done synthesizing module 'aes_processing_system7_0_0' (0#1) [C:/Users/esaik/aes/aes.runs/synth_1/.Xil/Vivado-5704-SaiReddy/realtime/aes_processing_system7_0_0_stub.v:6]
WARNING: [Synth 8-7071] port 'S_AXI_HP0_AWREADY' of module 'aes_processing_system7_0_0' is unconnected for instance 'processing_system7_0' [c:/Users/esaik/aes/aes.gen/sources_1/bd/aes/synth/aes.v:467]
WARNING: [Synth 8-7071] port 'S_AXI_HP0_BVALID' of module 'aes_processing_system7_0_0' is unconnected for instance 'processing_system7_0' [c:/Users/esaik/aes/aes.gen/sources_1/bd/aes/synth/aes.v:467]
WARNING: [Synth 8-7071] port 'S_AXI_HP0_WREADY' of module 'aes_processing_system7_0_0' is unconnected for instance 'processing_system7_0' [c:/Users/esaik/aes/aes.gen/sources_1/bd/aes/synth/aes.v:467]
WARNING: [Synth 8-7071] port 'S_AXI_HP0_BRESP' of module 'aes_processing_system7_0_0' is unconnected for instance 'processing_system7_0' [c:/Users/esaik/aes/aes.gen/sources_1/bd/aes/synth/aes.v:467]
WARNING: [Synth 8-7071] port 'S_AXI_HP0_BID' of module 'aes_processing_system7_0_0' is unconnected for instance 'processing_system7_0' [c:/Users/esaik/aes/aes.gen/sources_1/bd/aes/synth/aes.v:467]
WARNING: [Synth 8-7071] port 'S_AXI_HP0_RID' of module 'aes_processing_system7_0_0' is unconnected for instance 'processing_system7_0' [c:/Users/esaik/aes/aes.gen/sources_1/bd/aes/synth/aes.v:467]
WARNING: [Synth 8-7071] port 'S_AXI_HP0_RCOUNT' of module 'aes_processing_system7_0_0' is unconnected for instance 'processing_system7_0' [c:/Users/esaik/aes/aes.gen/sources_1/bd/aes/synth/aes.v:467]
WARNING: [Synth 8-7071] port 'S_AXI_HP0_WCOUNT' of module 'aes_processing_system7_0_0' is unconnected for instance 'processing_system7_0' [c:/Users/esaik/aes/aes.gen/sources_1/bd/aes/synth/aes.v:467]
WARNING: [Synth 8-7071] port 'S_AXI_HP0_RACOUNT' of module 'aes_processing_system7_0_0' is unconnected for instance 'processing_system7_0' [c:/Users/esaik/aes/aes.gen/sources_1/bd/aes/synth/aes.v:467]
WARNING: [Synth 8-7071] port 'S_AXI_HP0_WACOUNT' of module 'aes_processing_system7_0_0' is unconnected for instance 'processing_system7_0' [c:/Users/esaik/aes/aes.gen/sources_1/bd/aes/synth/aes.v:467]
WARNING: [Synth 8-7071] port 'S_AXI_HP2_ARREADY' of module 'aes_processing_system7_0_0' is unconnected for instance 'processing_system7_0' [c:/Users/esaik/aes/aes.gen/sources_1/bd/aes/synth/aes.v:467]
WARNING: [Synth 8-7071] port 'S_AXI_HP2_RLAST' of module 'aes_processing_system7_0_0' is unconnected for instance 'processing_system7_0' [c:/Users/esaik/aes/aes.gen/sources_1/bd/aes/synth/aes.v:467]
WARNING: [Synth 8-7071] port 'S_AXI_HP2_RVALID' of module 'aes_processing_system7_0_0' is unconnected for instance 'processing_system7_0' [c:/Users/esaik/aes/aes.gen/sources_1/bd/aes/synth/aes.v:467]
WARNING: [Synth 8-7071] port 'S_AXI_HP2_RRESP' of module 'aes_processing_system7_0_0' is unconnected for instance 'processing_system7_0' [c:/Users/esaik/aes/aes.gen/sources_1/bd/aes/synth/aes.v:467]
WARNING: [Synth 8-7071] port 'S_AXI_HP2_BID' of module 'aes_processing_system7_0_0' is unconnected for instance 'processing_system7_0' [c:/Users/esaik/aes/aes.gen/sources_1/bd/aes/synth/aes.v:467]
WARNING: [Synth 8-7071] port 'S_AXI_HP2_RID' of module 'aes_processing_system7_0_0' is unconnected for instance 'processing_system7_0' [c:/Users/esaik/aes/aes.gen/sources_1/bd/aes/synth/aes.v:467]
WARNING: [Synth 8-7071] port 'S_AXI_HP2_RDATA' of module 'aes_processing_system7_0_0' is unconnected for instance 'processing_system7_0' [c:/Users/esaik/aes/aes.gen/sources_1/bd/aes/synth/aes.v:467]
WARNING: [Synth 8-7071] port 'S_AXI_HP2_RCOUNT' of module 'aes_processing_system7_0_0' is unconnected for instance 'processing_system7_0' [c:/Users/esaik/aes/aes.gen/sources_1/bd/aes/synth/aes.v:467]
WARNING: [Synth 8-7071] port 'S_AXI_HP2_WCOUNT' of module 'aes_processing_system7_0_0' is unconnected for instance 'processing_system7_0' [c:/Users/esaik/aes/aes.gen/sources_1/bd/aes/synth/aes.v:467]
WARNING: [Synth 8-7071] port 'S_AXI_HP2_RACOUNT' of module 'aes_processing_system7_0_0' is unconnected for instance 'processing_system7_0' [c:/Users/esaik/aes/aes.gen/sources_1/bd/aes/synth/aes.v:467]
WARNING: [Synth 8-7071] port 'S_AXI_HP2_WACOUNT' of module 'aes_processing_system7_0_0' is unconnected for instance 'processing_system7_0' [c:/Users/esaik/aes/aes.gen/sources_1/bd/aes/synth/aes.v:467]
WARNING: [Synth 8-7023] instance 'processing_system7_0' of module 'aes_processing_system7_0_0' has 152 connections declared, but only 131 given [c:/Users/esaik/aes/aes.gen/sources_1/bd/aes/synth/aes.v:467]
INFO: [Synth 8-6157] synthesizing module 'aes_rst_ps7_0_50M_0' [C:/Users/esaik/aes/aes.runs/synth_1/.Xil/Vivado-5704-SaiReddy/realtime/aes_rst_ps7_0_50M_0_stub.v:6]
INFO: [Synth 8-6155] done synthesizing module 'aes_rst_ps7_0_50M_0' (0#1) [C:/Users/esaik/aes/aes.runs/synth_1/.Xil/Vivado-5704-SaiReddy/realtime/aes_rst_ps7_0_50M_0_stub.v:6]
WARNING: [Synth 8-7071] port 'mb_reset' of module 'aes_rst_ps7_0_50M_0' is unconnected for instance 'rst_ps7_0_50M' [c:/Users/esaik/aes/aes.gen/sources_1/bd/aes/synth/aes.v:599]
WARNING: [Synth 8-7071] port 'bus_struct_reset' of module 'aes_rst_ps7_0_50M_0' is unconnected for instance 'rst_ps7_0_50M' [c:/Users/esaik/aes/aes.gen/sources_1/bd/aes/synth/aes.v:599]
WARNING: [Synth 8-7071] port 'peripheral_reset' of module 'aes_rst_ps7_0_50M_0' is unconnected for instance 'rst_ps7_0_50M' [c:/Users/esaik/aes/aes.gen/sources_1/bd/aes/synth/aes.v:599]
WARNING: [Synth 8-7071] port 'interconnect_aresetn' of module 'aes_rst_ps7_0_50M_0' is unconnected for instance 'rst_ps7_0_50M' [c:/Users/esaik/aes/aes.gen/sources_1/bd/aes/synth/aes.v:599]
WARNING: [Synth 8-7023] instance 'rst_ps7_0_50M' of module 'aes_rst_ps7_0_50M_0' has 10 connections declared, but only 6 given [c:/Users/esaik/aes/aes.gen/sources_1/bd/aes/synth/aes.v:599]
INFO: [Synth 8-6155] done synthesizing module 'aes' (0#1) [c:/Users/esaik/aes/aes.gen/sources_1/bd/aes/synth/aes.v:13]
INFO: [Synth 8-6155] done synthesizing module 'aes_wrapper' (0#1) [c:/Users/esaik/aes/aes.gen/sources_1/bd/aes/hdl/aes_wrapper.v:13]
WARNING: [Synth 8-7129] Port M_ACLK in module s00_couplers_imp_B4JP64 is either unconnected or has no load
WARNING: [Synth 8-7129] Port M_ARESETN in module s00_couplers_imp_B4JP64 is either unconnected or has no load
WARNING: [Synth 8-7129] Port ACLK in module aes_axi_interconnect_1_0 is either unconnected or has no load
WARNING: [Synth 8-7129] Port ARESETN in module aes_axi_interconnect_1_0 is either unconnected or has no load
WARNING: [Synth 8-7129] Port M_ACLK in module s00_couplers_imp_1CRHQWF is either unconnected or has no load
WARNING: [Synth 8-7129] Port M_ARESETN in module s00_couplers_imp_1CRHQWF is either unconnected or has no load
WARNING: [Synth 8-7129] Port ACLK in module aes_axi_interconnect_0_0 is either unconnected or has no load
WARNING: [Synth 8-7129] Port ARESETN in module aes_axi_interconnect_0_0 is either unconnected or has no load
---------------------------------------------------------------------------------
Finished RTL Elaboration : Time (s): cpu = 00:00:12 ; elapsed = 00:00:12 . Memory (MB): peak = 1476.367 ; gain = 671.211
---------------------------------------------------------------------------------
---------------------------------------------------------------------------------
Start Handling Custom Attributes
---------------------------------------------------------------------------------
---------------------------------------------------------------------------------
Finished Handling Custom Attributes : Time (s): cpu = 00:00:12 ; elapsed = 00:00:13 . Memory (MB): peak = 1476.367 ; gain = 671.211
---------------------------------------------------------------------------------
---------------------------------------------------------------------------------
Finished RTL Optimization Phase 1 : Time (s): cpu = 00:00:12 ; elapsed = 00:00:13 . Memory (MB): peak = 1476.367 ; gain = 671.211
---------------------------------------------------------------------------------
Netlist sorting complete. Time (s): cpu = 00:00:00 ; elapsed = 00:00:00.036 . Memory (MB): peak = 1476.367 ; gain = 0.000
INFO: [Project 1-570] Preparing netlist for logic optimization

Processing XDC Constraints
Initializing timing engine
Parsing XDC File [c:/Users/esaik/aes/aes.gen/sources_1/bd/aes/ip/aes_processing_system7_0_0/aes_processing_system7_0_0/aes_processing_system7_0_0_in_context.xdc] for cell 'aes_i/processing_system7_0'
Finished Parsing XDC File [c:/Users/esaik/aes/aes.gen/sources_1/bd/aes/ip/aes_processing_system7_0_0/aes_processing_system7_0_0/aes_processing_system7_0_0_in_context.xdc] for cell 'aes_i/processing_system7_0'
Parsing XDC File [c:/Users/esaik/aes/aes.gen/sources_1/bd/aes/ip/aes_AES_En_De_0_0/aes_AES_En_De_0_0/aes_AES_En_De_0_0_in_context.xdc] for cell 'aes_i/AES_En_De_0'
Finished Parsing XDC File [c:/Users/esaik/aes/aes.gen/sources_1/bd/aes/ip/aes_AES_En_De_0_0/aes_AES_En_De_0_0/aes_AES_En_De_0_0_in_context.xdc] for cell 'aes_i/AES_En_De_0'
Parsing XDC File [c:/Users/esaik/aes/aes.gen/sources_1/bd/aes/ip/aes_axi_smc_0/aes_axi_smc_0/aes_axi_smc_0_in_context.xdc] for cell 'aes_i/axi_smc'
Finished Parsing XDC File [c:/Users/esaik/aes/aes.gen/sources_1/bd/aes/ip/aes_axi_smc_0/aes_axi_smc_0/aes_axi_smc_0_in_context.xdc] for cell 'aes_i/axi_smc'
Parsing XDC File [c:/Users/esaik/aes/aes.gen/sources_1/bd/aes/ip/aes_rst_ps7_0_50M_0/aes_rst_ps7_0_50M_0/aes_rst_ps7_0_50M_0_in_context.xdc] for cell 'aes_i/rst_ps7_0_50M'
Finished Parsing XDC File [c:/Users/esaik/aes/aes.gen/sources_1/bd/aes/ip/aes_rst_ps7_0_50M_0/aes_rst_ps7_0_50M_0/aes_rst_ps7_0_50M_0_in_context.xdc] for cell 'aes_i/rst_ps7_0_50M'
Parsing XDC File [c:/Users/esaik/aes/aes.gen/sources_1/bd/aes/ip/aes_axi_dma_0_0/aes_axi_dma_0_0/aes_axi_dma_0_0_in_context.xdc] for cell 'aes_i/axi_dma_0'
Finished Parsing XDC File [c:/Users/esaik/aes/aes.gen/sources_1/bd/aes/ip/aes_axi_dma_0_0/aes_axi_dma_0_0/aes_axi_dma_0_0_in_context.xdc] for cell 'aes_i/axi_dma_0'
Parsing XDC File [c:/Users/esaik/aes/aes.gen/sources_1/bd/aes/ip/aes_axi_interconnect_0_imp_auto_ds_0/aes_axi_interconnect_0_imp_auto_ds_0/aes_axi_interconnect_0_imp_auto_ds_0_in_context.xdc] for cell 'aes_i/axi_interconnect_0/s00_couplers/auto_ds'
Finished Parsing XDC File [c:/Users/esaik/aes/aes.gen/sources_1/bd/aes/ip/aes_axi_interconnect_0_imp_auto_ds_0/aes_axi_interconnect_0_imp_auto_ds_0/aes_axi_interconnect_0_imp_auto_ds_0_in_context.xdc] for cell 'aes_i/axi_interconnect_0/s00_couplers/auto_ds'
Parsing XDC File [c:/Users/esaik/aes/aes.gen/sources_1/bd/aes/ip/aes_axi_interconnect_0_imp_auto_pc_0/aes_axi_interconnect_0_imp_auto_pc_0/aes_axi_interconnect_0_imp_auto_pc_0_in_context.xdc] for cell 'aes_i/axi_interconnect_0/s00_couplers/auto_pc'
Finished Parsing XDC File [c:/Users/esaik/aes/aes.gen/sources_1/bd/aes/ip/aes_axi_interconnect_0_imp_auto_pc_0/aes_axi_interconnect_0_imp_auto_pc_0/aes_axi_interconnect_0_imp_auto_pc_0_in_context.xdc] for cell 'aes_i/axi_interconnect_0/s00_couplers/auto_pc'
Parsing XDC File [c:/Users/esaik/aes/aes.gen/sources_1/bd/aes/ip/aes_axi_interconnect_1_imp_auto_ds_0/aes_axi_interconnect_1_imp_auto_ds_0/aes_axi_interconnect_1_imp_auto_ds_0_in_context.xdc] for cell 'aes_i/axi_interconnect_1/s00_couplers/auto_ds'
Finished Parsing XDC File [c:/Users/esaik/aes/aes.gen/sources_1/bd/aes/ip/aes_axi_interconnect_1_imp_auto_ds_0/aes_axi_interconnect_1_imp_auto_ds_0/aes_axi_interconnect_1_imp_auto_ds_0_in_context.xdc] for cell 'aes_i/axi_interconnect_1/s00_couplers/auto_ds'
Parsing XDC File [c:/Users/esaik/aes/aes.gen/sources_1/bd/aes/ip/aes_axi_interconnect_1_imp_auto_pc_0/aes_axi_interconnect_1_imp_auto_pc_0/aes_axi_interconnect_1_imp_auto_pc_0_in_context.xdc] for cell 'aes_i/axi_interconnect_1/s00_couplers/auto_pc'
Finished Parsing XDC File [c:/Users/esaik/aes/aes.gen/sources_1/bd/aes/ip/aes_axi_interconnect_1_imp_auto_pc_0/aes_axi_interconnect_1_imp_auto_pc_0/aes_axi_interconnect_1_imp_auto_pc_0_in_context.xdc] for cell 'aes_i/axi_interconnect_1/s00_couplers/auto_pc'
Parsing XDC File [C:/Users/esaik/aes/aes.runs/synth_1/dont_touch.xdc]
Finished Parsing XDC File [C:/Users/esaik/aes/aes.runs/synth_1/dont_touch.xdc]
Completed Processing XDC Constraints

Netlist sorting complete. Time (s): cpu = 00:00:00 ; elapsed = 00:00:00 . Memory (MB): peak = 1476.367 ; gain = 0.000
INFO: [Project 1-111] Unisim Transformation Summary:
No Unisim elements were transformed.

Constraint Validation Runtime : Time (s): cpu = 00:00:00 ; elapsed = 00:00:00.024 . Memory (MB): peak = 1476.367 ; gain = 0.000
---------------------------------------------------------------------------------
Finished Constraint Validation : Time (s): cpu = 00:00:24 ; elapsed = 00:00:26 . Memory (MB): peak = 1476.367 ; gain = 671.211
---------------------------------------------------------------------------------
---------------------------------------------------------------------------------
Start Loading Part and Timing Information
---------------------------------------------------------------------------------
Loading part: xc7z020clg400-1
---------------------------------------------------------------------------------
Finished Loading Part and Timing Information : Time (s): cpu = 00:00:24 ; elapsed = 00:00:26 . Memory (MB): peak = 1476.367 ; gain = 671.211
---------------------------------------------------------------------------------
---------------------------------------------------------------------------------
Start Applying 'set_property' XDC Constraints
---------------------------------------------------------------------------------
---------------------------------------------------------------------------------
Finished applying 'set_property' XDC Constraints : Time (s): cpu = 00:00:25 ; elapsed = 00:00:26 . Memory (MB): peak = 1476.367 ; gain = 671.211
---------------------------------------------------------------------------------
---------------------------------------------------------------------------------
Finished RTL Optimization Phase 2 : Time (s): cpu = 00:00:25 ; elapsed = 00:00:26 . Memory (MB): peak = 1476.367 ; gain = 671.211
---------------------------------------------------------------------------------
---------------------------------------------------------------------------------
Start RTL Component Statistics 
---------------------------------------------------------------------------------
Detailed RTL Component Info : 
---------------------------------------------------------------------------------
Finished RTL Component Statistics 
---------------------------------------------------------------------------------
---------------------------------------------------------------------------------
Start Part Resource Summary
---------------------------------------------------------------------------------
Part Resources:
DSPs: 220 (col length:60)
BRAMs: 280 (col length: RAMB18 60 RAMB36 30)
---------------------------------------------------------------------------------
Finished Part Resource Summary
---------------------------------------------------------------------------------
---------------------------------------------------------------------------------
Start Cross Boundary and Area Optimization
---------------------------------------------------------------------------------
WARNING: [Synth 8-7129] Port ACLK in module aes_axi_interconnect_1_0 is either unconnected or has no load
WARNING: [Synth 8-7129] Port ARESETN in module aes_axi_interconnect_1_0 is either unconnected or has no load
WARNING: [Synth 8-7129] Port M00_ACLK in module aes_axi_interconnect_1_0 is either unconnected or has no load
WARNING: [Synth 8-7129] Port M00_ARESETN in module aes_axi_interconnect_1_0 is either unconnected or has no load
WARNING: [Synth 8-7129] Port ACLK in module aes_axi_interconnect_0_0 is either unconnected or has no load
WARNING: [Synth 8-7129] Port ARESETN in module aes_axi_interconnect_0_0 is either unconnected or has no load
WARNING: [Synth 8-7129] Port M00_ACLK in module aes_axi_interconnect_0_0 is either unconnected or has no load
WARNING: [Synth 8-7129] Port M00_ARESETN in module aes_axi_interconnect_0_0 is either unconnected or has no load
---------------------------------------------------------------------------------
Finished Cross Boundary and Area Optimization : Time (s): cpu = 00:00:28 ; elapsed = 00:00:29 . Memory (MB): peak = 1483.352 ; gain = 678.195
---------------------------------------------------------------------------------
---------------------------------------------------------------------------------
Start Applying XDC Timing Constraints
---------------------------------------------------------------------------------
---------------------------------------------------------------------------------
Finished Applying XDC Timing Constraints : Time (s): cpu = 00:00:36 ; elapsed = 00:00:37 . Memory (MB): peak = 1657.996 ; gain = 852.840
---------------------------------------------------------------------------------
---------------------------------------------------------------------------------
Start Timing Optimization
---------------------------------------------------------------------------------
---------------------------------------------------------------------------------
Finished Timing Optimization : Time (s): cpu = 00:00:36 ; elapsed = 00:00:37 . Memory (MB): peak = 1659.258 ; gain = 854.102
---------------------------------------------------------------------------------
---------------------------------------------------------------------------------
Start Technology Mapping
---------------------------------------------------------------------------------
---------------------------------------------------------------------------------
Finished Technology Mapping : Time (s): cpu = 00:00:36 ; elapsed = 00:00:37 . Memory (MB): peak = 1669.902 ; gain = 864.746
---------------------------------------------------------------------------------
---------------------------------------------------------------------------------
Start IO Insertion
---------------------------------------------------------------------------------
---------------------------------------------------------------------------------
Start Flattening Before IO Insertion
---------------------------------------------------------------------------------
---------------------------------------------------------------------------------
Finished Flattening Before IO Insertion
---------------------------------------------------------------------------------
---------------------------------------------------------------------------------
Start Final Netlist Cleanup
---------------------------------------------------------------------------------
---------------------------------------------------------------------------------
Finished Final Netlist Cleanup
---------------------------------------------------------------------------------
---------------------------------------------------------------------------------
Finished IO Insertion : Time (s): cpu = 00:00:41 ; elapsed = 00:00:43 . Memory (MB): peak = 1918.160 ; gain = 1113.004
---------------------------------------------------------------------------------
---------------------------------------------------------------------------------
Start Renaming Generated Instances
---------------------------------------------------------------------------------
---------------------------------------------------------------------------------
Finished Renaming Generated Instances : Time (s): cpu = 00:00:41 ; elapsed = 00:00:43 . Memory (MB): peak = 1918.160 ; gain = 1113.004
---------------------------------------------------------------------------------
---------------------------------------------------------------------------------
Start Rebuilding User Hierarchy
---------------------------------------------------------------------------------
---------------------------------------------------------------------------------
Finished Rebuilding User Hierarchy : Time (s): cpu = 00:00:41 ; elapsed = 00:00:43 . Memory (MB): peak = 1918.160 ; gain = 1113.004
---------------------------------------------------------------------------------
---------------------------------------------------------------------------------
Start Renaming Generated Ports
---------------------------------------------------------------------------------
---------------------------------------------------------------------------------
Finished Renaming Generated Ports : Time (s): cpu = 00:00:41 ; elapsed = 00:00:43 . Memory (MB): peak = 1918.160 ; gain = 1113.004
---------------------------------------------------------------------------------
---------------------------------------------------------------------------------
Start Handling Custom Attributes
---------------------------------------------------------------------------------
---------------------------------------------------------------------------------
Finished Handling Custom Attributes : Time (s): cpu = 00:00:41 ; elapsed = 00:00:43 . Memory (MB): peak = 1918.160 ; gain = 1113.004
---------------------------------------------------------------------------------
---------------------------------------------------------------------------------
Start Renaming Generated Nets
---------------------------------------------------------------------------------
---------------------------------------------------------------------------------
Finished Renaming Generated Nets : Time (s): cpu = 00:00:41 ; elapsed = 00:00:43 . Memory (MB): peak = 1918.160 ; gain = 1113.004
---------------------------------------------------------------------------------
---------------------------------------------------------------------------------
Start Writing Synthesis Report
---------------------------------------------------------------------------------

Report BlackBoxes: 
+------+-------------------------------------+----------+
|      |BlackBox name                        |Instances |
+------+-------------------------------------+----------+
|1     |aes_AES_En_De_0_0                    |         1|
|2     |aes_axi_dma_0_0                      |         1|
|3     |aes_axi_interconnect_0_imp_auto_ds_0 |         1|
|4     |aes_axi_interconnect_0_imp_auto_pc_0 |         1|
|5     |aes_axi_interconnect_1_imp_auto_ds_0 |         1|
|6     |aes_axi_interconnect_1_imp_auto_pc_0 |         1|
|7     |aes_axi_smc_0                        |         1|
|8     |aes_processing_system7_0_0           |         1|
|9     |aes_rst_ps7_0_50M_0                  |         1|
+------+-------------------------------------+----------+

Report Cell Usage: 
+------+-----------------------------------+------+
|      |Cell                               |Count |
+------+-----------------------------------+------+
|1     |aes_AES_En_De_0                    |     1|
|2     |aes_axi_dma_0                      |     1|
|3     |aes_axi_interconnect_0_imp_auto_ds |     1|
|4     |aes_axi_interconnect_0_imp_auto_pc |     1|
|5     |aes_axi_interconnect_1_imp_auto_ds |     1|
|6     |aes_axi_interconnect_1_imp_auto_pc |     1|
|7     |aes_axi_smc                        |     1|
|8     |aes_processing_system7_0           |     1|
|9     |aes_rst_ps7_0_50M                  |     1|
+------+-----------------------------------+------+
---------------------------------------------------------------------------------
Finished Writing Synthesis Report : Time (s): cpu = 00:00:41 ; elapsed = 00:00:43 . Memory (MB): peak = 1918.160 ; gain = 1113.004
---------------------------------------------------------------------------------
Synthesis finished with 0 errors, 0 critical warnings and 8 warnings.
Synthesis Optimization Runtime : Time (s): cpu = 00:00:26 ; elapsed = 00:00:39 . Memory (MB): peak = 1918.160 ; gain = 1113.004
Synthesis Optimization Complete : Time (s): cpu = 00:00:41 ; elapsed = 00:00:43 . Memory (MB): peak = 1918.160 ; gain = 1113.004
INFO: [Project 1-571] Translating synthesized netlist
Netlist sorting complete. Time (s): cpu = 00:00:00 ; elapsed = 00:00:00.036 . Memory (MB): peak = 1918.160 ; gain = 0.000
INFO: [Project 1-570] Preparing netlist for logic optimization
INFO: [Opt 31-138] Pushed 0 inverter(s) to 0 load pin(s).
Netlist sorting complete. Time (s): cpu = 00:00:00 ; elapsed = 00:00:00 . Memory (MB): peak = 1930.938 ; gain = 0.000
INFO: [Project 1-111] Unisim Transformation Summary:
No Unisim elements were transformed.

Synth Design complete | Checksum: c4f7a0de
INFO: [Common 17-83] Releasing license: Synthesis
45 Infos, 58 Warnings, 0 Critical Warnings and 0 Errors encountered.
synth_design completed successfully
synth_design: Time (s): cpu = 00:00:48 ; elapsed = 00:00:54 . Memory (MB): peak = 1934.898 ; gain = 1385.582
INFO: [Common 17-1381] The checkpoint 'C:/Users/esaik/aes/aes.runs/synth_1/aes_wrapper.dcp' has been generated.
INFO: [Vivado 12-24828] Executing command : report_utilization -file aes_wrapper_utilization_synth.rpt -pb aes_wrapper_utilization_synth.pb
INFO: [Common 17-206] Exiting Vivado at Tue Nov 25 20:40:36 2025...
